// Jest Snapshot v1, https://goo.gl/fbAQLP

exports[`Component Test App Test 1`] = `
<RNCSafeAreaProvider
  onInsetsChange={[Function]}
  style={
    Array [
      Object {
        "flex": 1,
      },
      undefined,
    ]
  }
>
  <RNSScreenStack
    style={
      Object {
        "flex": 1,
      }
    }
  >
    <RNSScreen
      collapsable={false}
      forwardedRef={[Function]}
      onAppear={[Function]}
      onDisappear={[Function]}
      onDismissed={[Function]}
      onTransitionProgress={[Function]}
      onWillDisappear={[Function]}
      replaceAnimation="push"
      stackPresentation="push"
      style={
        Object {
          "bottom": 0,
          "left": 0,
          "position": "absolute",
          "right": 0,
          "top": 0,
        }
      }
    >
      <RNSScreenStackHeaderConfig
        backButtonInCustomView={false}
        backgroundColor="rgb(255, 255, 255)"
        color="rgb(0, 122, 255)"
        direction="ltr"
        disableBackButtonMenu={false}
        hidden={true}
        hideBackButton={false}
        largeTitleHideShadow={false}
        title="Main"
        titleColor="rgb(28, 28, 30)"
        topInsetEnabled={false}
        translucent={false}
      />
      <View
        style={
          Array [
            Object {
              "flex": 1,
            },
            Object {
              "backgroundColor": "rgb(242, 242, 242)",
            },
            undefined,
          ]
        }
      >
        <RNCSafeAreaProvider
          onInsetsChange={[Function]}
          style={
            Array [
              Object {
                "flex": 1,
              },
              undefined,
            ]
          }
          testID="mainContainer"
        >
          <RNCSafeAreaView
            edges={
              Array [
                "bottom",
                "left",
                "right",
                "top",
              ]
            }
            style={
              Object {
                "alignItems": "center",
                "backgroundColor": "#212529",
                "flex": 1,
                "justifyContent": "center",
              }
            }
          >
            <View>
              <Image
                resizeMode="contain"
                source={
                  Object {
                    "testUri": "../../../public/assets/logo.png",
                  }
                }
                style={
                  Object {
                    "height": 160,
                    "width": 240,
                  }
                }
              />
            </View>
            <View
              style={
                Object {
                  "flexDirection": "row",
                  "height": 100,
                  "justifyContent": "space-evenly",
                  "marginBottom": 100,
                  "marginTop": 50,
                  "width": "100%",
                }
              }
            >
              <View
                accessible={true}
                collapsable={false}
                focusable={true}
                onClick={[Function]}
                onResponderGrant={[Function]}
                onResponderMove={[Function]}
                onResponderRelease={[Function]}
                onResponderTerminate={[Function]}
                onResponderTerminationRequest={[Function]}
                onStartShouldSetResponder={[Function]}
                style={
                  Object {
                    "alignItems": "center",
                    "backgroundColor": "#00BBD1",
                    "borderColor": "#FCF8F6",
                    "borderRadius": 4,
                    "borderWidth": 4,
                    "height": 120,
                    "justifyContent": "center",
                    "opacity": 1,
                    "width": 120,
                  }
                }
              >
                <Text
                  style={
                    Object {
                      "color": "#FCF8F6",
                      "fontSize": 18,
                      "fontWeight": "bold",
                      "padding": 8,
                    }
                  }
                >
                  Face Go
                </Text>
              </View>
              <View
                accessible={true}
                collapsable={false}
                focusable={true}
                onClick={[Function]}
                onResponderGrant={[Function]}
                onResponderMove={[Function]}
                onResponderRelease={[Function]}
                onResponderTerminate={[Function]}
                onResponderTerminationRequest={[Function]}
                onStartShouldSetResponder={[Function]}
                style={
                  Object {
                    "alignItems": "center",
                    "backgroundColor": "#00E0EA",
                    "borderColor": "#FCF8F6",
                    "borderRadius": 4,
                    "borderWidth": 4,
                    "height": 120,
                    "justifyContent": "center",
                    "opacity": 1,
                    "width": 120,
                  }
                }
              >
                <Text
                  style={
                    Object {
                      "color": "#FCF8F6",
                      "fontSize": 18,
                      "fontWeight": "bold",
                      "padding": 8,
                    }
                  }
                >
                  Shout Go
                </Text>
              </View>
            </View>
            <View
              style={
                Object {
                  "marginBottom": 20,
                }
              }
            >
              <View
                accessible={true}
                collapsable={false}
                focusable={true}
                onClick={[Function]}
                onResponderGrant={[Function]}
                onResponderMove={[Function]}
                onResponderRelease={[Function]}
                onResponderTerminate={[Function]}
                onResponderTerminationRequest={[Function]}
                onStartShouldSetResponder={[Function]}
                style={
                  Object {
                    "alignItems": "center",
                    "backgroundColor": "#96A1A8",
                    "borderRadius": 4,
                    "height": 40,
                    "justifyContent": "center",
                    "opacity": 1,
                    "width": 150,
                  }
                }
              >
                <Text
                  style={
                    Object {
                      "color": "#FCF8F6",
                      "fontSize": 15,
                      "fontWeight": "bold",
                      "padding": 8,
                    }
                  }
                >
                  점수 보기
                </Text>
              </View>
            </View>
            <View
              style={
                Object {
                  "marginBottom": 20,
                }
              }
            >
              <View
                accessible={true}
                collapsable={false}
                focusable={true}
                onClick={[Function]}
                onResponderGrant={[Function]}
                onResponderMove={[Function]}
                onResponderRelease={[Function]}
                onResponderTerminate={[Function]}
                onResponderTerminationRequest={[Function]}
                onStartShouldSetResponder={[Function]}
                style={
                  Object {
                    "alignItems": "center",
                    "backgroundColor": "#f45a5a",
                    "borderRadius": 4,
                    "height": 40,
                    "justifyContent": "center",
                    "opacity": 1,
                    "width": 150,
                  }
                }
              >
                <Text
                  style={
                    Object {
                      "color": "#FCF8F6",
                      "fontSize": 15,
                      "fontWeight": "bold",
                      "padding": 8,
                    }
                  }
                >
                  게임 종료
                </Text>
              </View>
            </View>
          </RNCSafeAreaView>
        </RNCSafeAreaProvider>
      </View>
    </RNSScreen>
  </RNSScreenStack>
</RNCSafeAreaProvider>
`;
