// Jest Snapshot v1, https://goo.gl/fbAQLP

exports[`Context API GameContext 1`] = `[Function]`;
