// Jest Snapshot v1, https://goo.gl/fbAQLP

exports[`GameHeader.js shoutGo play game 1`] = `[Function]`;
