// Jest Snapshot v1, https://goo.gl/fbAQLP

exports[`InputModalContainer InputModalContainer render check 1`] = `[Function]`;
