// Jest Snapshot v1, https://goo.gl/fbAQLP

exports[`InputModal InputModal render check 1`] = `[Function]`;
