// Jest Snapshot v1, https://goo.gl/fbAQLP

exports[`Container Test MainContainer Test 1`] = `
<RNCSafeAreaProvider
  onInsetsChange={[Function]}
  style={
    Array [
      Object {
        "flex": 1,
      },
      undefined,
    ]
  }
  testID="mainContainer"
/>
`;
