// Jest Snapshot v1, https://goo.gl/fbAQLP

exports[`NextStageModalContainer NextStageModalContainer render check 1`] = `[Function]`;
