// Jest Snapshot v1, https://goo.gl/fbAQLP

exports[`ResetModalContainer ResetModalContainer render check 1`] = `[Function]`;
