// Jest Snapshot v1, https://goo.gl/fbAQLP

exports[`RetryModalContainer RetryModalContainer render check 1`] = `[Function]`;
